// Jest Snapshot v1, https://goo.gl/fbAQLP

exports[`Cart matches snapshot 1`] = `<DocumentFragment />`;
