// Jest Snapshot v1, https://goo.gl/fbAQLP

exports[`CategoryRow matches snapshot 1`] = `
<DocumentFragment>
  <div
    class="MuiBox-root css-5x9whe"
  >
    <div
      class="MuiContainer-root MuiContainer-maxWidthXl css-19r6kue-MuiContainer-root"
      style="padding-left: 48px; padding-right: 48px;"
    >
      <div
        class="css-w4z10b-MuiStack-root"
      >
        <button
          aria-haspopup="true"
          class="MuiButton-root MuiButton-contained MuiButton-containedPrimary MuiButton-sizeSmall MuiButton-containedSizeSmall MuiButton-disableElevation MuiButtonBase-root css-1u7wl2p-MuiButtonBase-root-MuiButton-root"
          id="Hello-menu-button"
          tabindex="0"
          type="button"
        >
          Hello
          <span
            class="MuiButton-endIcon MuiButton-iconSizeSmall css-155nyw6-MuiButton-endIcon"
          >
            <svg
              aria-hidden="true"
              class="MuiSvgIcon-root MuiSvgIcon-fontSizeMedium css-i4bv87-MuiSvgIcon-root"
              data-testid="KeyboardArrowDownIcon"
              focusable="false"
              viewBox="0 0 24 24"
            >
              <path
                d="M7.41 8.59 12 13.17l4.59-4.58L18 10l-6 6-6-6 1.41-1.41z"
              />
            </svg>
          </span>
          <span
            class="MuiTouchRipple-root css-8je8zh-MuiTouchRipple-root"
          />
        </button>
        <button
          aria-haspopup="true"
          class="MuiButton-root MuiButton-contained MuiButton-containedPrimary MuiButton-sizeSmall MuiButton-containedSizeSmall MuiButton-disableElevation MuiButtonBase-root css-1u7wl2p-MuiButtonBase-root-MuiButton-root"
          id="World 2-menu-button"
          tabindex="0"
          type="button"
        >
          World 2
          <span
            class="MuiButton-endIcon MuiButton-iconSizeSmall css-155nyw6-MuiButton-endIcon"
          >
            <svg
              aria-hidden="true"
              class="MuiSvgIcon-root MuiSvgIcon-fontSizeMedium css-i4bv87-MuiSvgIcon-root"
              data-testid="KeyboardArrowDownIcon"
              focusable="false"
              viewBox="0 0 24 24"
            >
              <path
                d="M7.41 8.59 12 13.17l4.59-4.58L18 10l-6 6-6-6 1.41-1.41z"
              />
            </svg>
          </span>
          <span
            class="MuiTouchRipple-root css-8je8zh-MuiTouchRipple-root"
          />
        </button>
      </div>
    </div>
  </div>
</DocumentFragment>
`;
