// Jest Snapshot v1, https://goo.gl/fbAQLP

exports[`Search Bar Component matches snapshot 1`] = `
<DocumentFragment>
  <div
    class="MuiBox-root css-1klfqz3"
  >
    <div
      class="MuiOutlinedInput-root MuiInputBase-root MuiInputBase-colorSecondary MuiInputBase-fullWidth MuiInputBase-sizeSmall MuiInputBase-adornedStart MuiInputBase-adornedEnd css-b6n6cb-MuiInputBase-root-MuiOutlinedInput-root"
    >
      <div
        class="MuiInputAdornment-root MuiInputAdornment-positionStart css-hh6b6o-MuiInputAdornment-root"
      >
        <span
          class="notranslate"
        >
          ​
        </span>
        <button
          aria-haspopup="true"
          class="MuiButton-root MuiButton-text MuiButton-textSecondary MuiButton-sizeMedium MuiButton-textSizeMedium MuiButtonBase-root css-12rlaf1-MuiButtonBase-root-MuiButton-root"
          id="category-menu-button"
          tabindex="0"
          type="button"
        >
           All categories
          <span
            class="MuiButton-endIcon MuiButton-iconSizeMedium css-9tj150-MuiButton-endIcon"
          >
            <svg
              aria-hidden="true"
              class="MuiSvgIcon-root MuiSvgIcon-fontSizeMedium css-i4bv87-MuiSvgIcon-root"
              data-testid="KeyboardArrowDownIcon"
              focusable="false"
              viewBox="0 0 24 24"
            >
              <path
                d="M7.41 8.59 12 13.17l4.59-4.58L18 10l-6 6-6-6 1.41-1.41z"
              />
            </svg>
          </span>
          <span
            class="MuiTouchRipple-root css-8je8zh-MuiTouchRipple-root"
          />
        </button>
      </div>
      <input
        aria-label="search"
        class="MuiOutlinedInput-input MuiInputBase-input MuiInputBase-inputSizeSmall MuiInputBase-inputAdornedStart MuiInputBase-inputAdornedEnd css-12yjm75-MuiInputBase-input-MuiOutlinedInput-input"
        name="search"
        placeholder="Search for Products, categories..."
        type="text"
        value=""
      />
      <div
        class="MuiInputAdornment-root MuiInputAdornment-positionEnd css-1laqsz7-MuiInputAdornment-root"
      >
        <svg
          aria-hidden="true"
          class="MuiSvgIcon-root MuiSvgIcon-fontSizeMedium css-i4bv87-MuiSvgIcon-root"
          data-testid="SearchIcon"
          focusable="false"
          viewBox="0 0 24 24"
        >
          <path
            d="M15.5 14h-.79l-.28-.27C15.41 12.59 16 11.11 16 9.5 16 5.91 13.09 3 9.5 3S3 5.91 3 9.5 5.91 16 9.5 16c1.61 0 3.09-.59 4.23-1.57l.27.28v.79l5 4.99L20.49 19l-4.99-5zm-6 0C7.01 14 5 11.99 5 9.5S7.01 5 9.5 5 14 7.01 14 9.5 11.99 14 9.5 14z"
          />
        </svg>
      </div>
      <fieldset
        aria-hidden="true"
        class="MuiOutlinedInput-notchedOutline css-1d3z3hw-MuiOutlinedInput-notchedOutline"
      >
        <legend
          class="css-hdw1oc"
        >
          <span
            class="notranslate"
          >
            ​
          </span>
        </legend>
      </fieldset>
    </div>
  </div>
</DocumentFragment>
`;

exports[`Search Bar Component renders a category button 1`] = `
<DocumentFragment>
  <div
    class="MuiBox-root css-1klfqz3"
  >
    <div
      class="MuiOutlinedInput-root MuiInputBase-root MuiInputBase-colorSecondary MuiInputBase-fullWidth MuiInputBase-sizeSmall MuiInputBase-adornedStart MuiInputBase-adornedEnd css-b6n6cb-MuiInputBase-root-MuiOutlinedInput-root"
    >
      <div
        class="MuiInputAdornment-root MuiInputAdornment-positionStart css-hh6b6o-MuiInputAdornment-root"
      >
        <span
          class="notranslate"
        >
          ​
        </span>
        <button
          aria-haspopup="true"
          class="MuiButton-root MuiButton-text MuiButton-textSecondary MuiButton-sizeMedium MuiButton-textSizeMedium MuiButtonBase-root css-12rlaf1-MuiButtonBase-root-MuiButton-root"
          id="category-menu-button"
          tabindex="0"
          type="button"
        >
           All categories
          <span
            class="MuiButton-endIcon MuiButton-iconSizeMedium css-9tj150-MuiButton-endIcon"
          >
            <svg
              aria-hidden="true"
              class="MuiSvgIcon-root MuiSvgIcon-fontSizeMedium css-i4bv87-MuiSvgIcon-root"
              data-testid="KeyboardArrowDownIcon"
              focusable="false"
              viewBox="0 0 24 24"
            >
              <path
                d="M7.41 8.59 12 13.17l4.59-4.58L18 10l-6 6-6-6 1.41-1.41z"
              />
            </svg>
          </span>
          <span
            class="MuiTouchRipple-root css-8je8zh-MuiTouchRipple-root"
          />
        </button>
      </div>
      <input
        aria-label="search"
        class="MuiOutlinedInput-input MuiInputBase-input MuiInputBase-inputSizeSmall MuiInputBase-inputAdornedStart MuiInputBase-inputAdornedEnd css-12yjm75-MuiInputBase-input-MuiOutlinedInput-input"
        name="search"
        placeholder="Search for Products, categories..."
        type="text"
        value=""
      />
      <div
        class="MuiInputAdornment-root MuiInputAdornment-positionEnd css-1laqsz7-MuiInputAdornment-root"
      >
        <svg
          aria-hidden="true"
          class="MuiSvgIcon-root MuiSvgIcon-fontSizeMedium css-i4bv87-MuiSvgIcon-root"
          data-testid="SearchIcon"
          focusable="false"
          viewBox="0 0 24 24"
        >
          <path
            d="M15.5 14h-.79l-.28-.27C15.41 12.59 16 11.11 16 9.5 16 5.91 13.09 3 9.5 3S3 5.91 3 9.5 5.91 16 9.5 16c1.61 0 3.09-.59 4.23-1.57l.27.28v.79l5 4.99L20.49 19l-4.99-5zm-6 0C7.01 14 5 11.99 5 9.5S7.01 5 9.5 5 14 7.01 14 9.5 11.99 14 9.5 14z"
          />
        </svg>
      </div>
      <fieldset
        aria-hidden="true"
        class="MuiOutlinedInput-notchedOutline css-1d3z3hw-MuiOutlinedInput-notchedOutline"
      >
        <legend
          class="css-hdw1oc"
        >
          <span
            class="notranslate"
          >
            ​
          </span>
        </legend>
      </fieldset>
    </div>
  </div>
</DocumentFragment>
`;
