// Jest Snapshot v1, https://goo.gl/fbAQLP

exports[`Brands matches snapshot 1`] = `
<DocumentFragment>
  <div
    class="css-mw5cso-MuiStack-root"
  >
    <label
      class="MuiFormControlLabel-root MuiFormControlLabel-labelPlacementEnd css-1lt3n9v-MuiFormControlLabel-root"
    >
      <span
        class="MuiCheckbox-root MuiCheckbox-colorSecondary MuiButtonBase-root MuiCheckbox-root MuiCheckbox-colorSecondary PrivateSwitchBase-root Mui-checked css-usqc7v-MuiButtonBase-root-MuiCheckbox-root"
      >
        <input
          checked=""
          class="PrivateSwitchBase-input css-1m9pwf3"
          data-indeterminate="false"
          type="checkbox"
        />
        <svg
          aria-hidden="true"
          class="MuiSvgIcon-root MuiSvgIcon-fontSizeSmall css-ptiqhd-MuiSvgIcon-root"
          data-testid="CheckBoxIcon"
          focusable="false"
          viewBox="0 0 24 24"
        >
          <path
            d="M19 3H5c-1.11 0-2 .9-2 2v14c0 1.1.89 2 2 2h14c1.11 0 2-.9 2-2V5c0-1.1-.89-2-2-2zm-9 14l-5-5 1.41-1.41L10 14.17l7.59-7.59L19 8l-9 9z"
          />
        </svg>
        <span
          class="MuiTouchRipple-root css-8je8zh-MuiTouchRipple-root"
        />
      </span>
      <span
        class="MuiTypography-root MuiTypography-body1 MuiFormControlLabel-label css-ahj2mt-MuiTypography-root"
      >
        hello
      </span>
    </label>
    <label
      class="MuiFormControlLabel-root MuiFormControlLabel-labelPlacementEnd css-1lt3n9v-MuiFormControlLabel-root"
    >
      <span
        class="MuiCheckbox-root MuiCheckbox-colorSecondary MuiButtonBase-root MuiCheckbox-root MuiCheckbox-colorSecondary PrivateSwitchBase-root css-usqc7v-MuiButtonBase-root-MuiCheckbox-root"
      >
        <input
          class="PrivateSwitchBase-input css-1m9pwf3"
          data-indeterminate="false"
          type="checkbox"
        />
        <svg
          aria-hidden="true"
          class="MuiSvgIcon-root MuiSvgIcon-fontSizeSmall css-ptiqhd-MuiSvgIcon-root"
          data-testid="CheckBoxOutlineBlankIcon"
          focusable="false"
          viewBox="0 0 24 24"
        >
          <path
            d="M19 5v14H5V5h14m0-2H5c-1.1 0-2 .9-2 2v14c0 1.1.9 2 2 2h14c1.1 0 2-.9 2-2V5c0-1.1-.9-2-2-2z"
          />
        </svg>
        <span
          class="MuiTouchRipple-root css-8je8zh-MuiTouchRipple-root"
        />
      </span>
      <span
        class="MuiTypography-root MuiTypography-body1 MuiFormControlLabel-label css-ahj2mt-MuiTypography-root"
      >
        world
      </span>
    </label>
  </div>
</DocumentFragment>
`;
