// Jest Snapshot v1, https://goo.gl/fbAQLP

exports[`Rating matches snapshot 1`] = `
<DocumentFragment>
  <div
    class="css-nen11g-MuiStack-root"
  >
    <label
      class="MuiFormControlLabel-root MuiFormControlLabel-labelPlacementEnd css-8r65cl-MuiFormControlLabel-root"
    >
      <span
        class="MuiCheckbox-root MuiCheckbox-colorSecondary MuiButtonBase-root MuiCheckbox-root MuiCheckbox-colorSecondary PrivateSwitchBase-root css-usqc7v-MuiButtonBase-root-MuiCheckbox-root"
      >
        <input
          class="PrivateSwitchBase-input css-1m9pwf3"
          data-indeterminate="false"
          type="checkbox"
        />
        <svg
          aria-hidden="true"
          class="MuiSvgIcon-root MuiSvgIcon-fontSizeSmall css-ptiqhd-MuiSvgIcon-root"
          data-testid="CheckBoxOutlineBlankIcon"
          focusable="false"
          viewBox="0 0 24 24"
        >
          <path
            d="M19 5v14H5V5h14m0-2H5c-1.1 0-2 .9-2 2v14c0 1.1.9 2 2 2h14c1.1 0 2-.9 2-2V5c0-1.1-.9-2-2-2z"
          />
        </svg>
        <span
          class="MuiTouchRipple-root css-8je8zh-MuiTouchRipple-root"
        />
      </span>
      <span
        class="MuiTypography-root MuiTypography-body1 MuiFormControlLabel-label css-ahj2mt-MuiTypography-root"
      >
        <span
          aria-label="5 Stars"
          class="MuiRating-root MuiRating-sizeSmall MuiRating-readyOnly css-1lauo1g-MuiRating-root"
          role="img"
        >
          <span>
            <span
              class="MuiRating-icon MuiRating-iconFilled css-7qmtgc-MuiRating-icon"
            >
              <svg
                aria-hidden="true"
                class="MuiSvgIcon-root MuiSvgIcon-fontSizeInherit css-1vooibu-MuiSvgIcon-root"
                data-testid="StarIcon"
                focusable="false"
                viewBox="0 0 24 24"
              >
                <path
                  d="M12 17.27L18.18 21l-1.64-7.03L22 9.24l-7.19-.61L12 2 9.19 8.63 2 9.24l5.46 4.73L5.82 21z"
                />
              </svg>
            </span>
          </span>
          <span>
            <span
              class="MuiRating-icon MuiRating-iconFilled css-7qmtgc-MuiRating-icon"
            >
              <svg
                aria-hidden="true"
                class="MuiSvgIcon-root MuiSvgIcon-fontSizeInherit css-1vooibu-MuiSvgIcon-root"
                data-testid="StarIcon"
                focusable="false"
                viewBox="0 0 24 24"
              >
                <path
                  d="M12 17.27L18.18 21l-1.64-7.03L22 9.24l-7.19-.61L12 2 9.19 8.63 2 9.24l5.46 4.73L5.82 21z"
                />
              </svg>
            </span>
          </span>
          <span>
            <span
              class="MuiRating-icon MuiRating-iconFilled css-7qmtgc-MuiRating-icon"
            >
              <svg
                aria-hidden="true"
                class="MuiSvgIcon-root MuiSvgIcon-fontSizeInherit css-1vooibu-MuiSvgIcon-root"
                data-testid="StarIcon"
                focusable="false"
                viewBox="0 0 24 24"
              >
                <path
                  d="M12 17.27L18.18 21l-1.64-7.03L22 9.24l-7.19-.61L12 2 9.19 8.63 2 9.24l5.46 4.73L5.82 21z"
                />
              </svg>
            </span>
          </span>
          <span>
            <span
              class="MuiRating-icon MuiRating-iconFilled css-7qmtgc-MuiRating-icon"
            >
              <svg
                aria-hidden="true"
                class="MuiSvgIcon-root MuiSvgIcon-fontSizeInherit css-1vooibu-MuiSvgIcon-root"
                data-testid="StarIcon"
                focusable="false"
                viewBox="0 0 24 24"
              >
                <path
                  d="M12 17.27L18.18 21l-1.64-7.03L22 9.24l-7.19-.61L12 2 9.19 8.63 2 9.24l5.46 4.73L5.82 21z"
                />
              </svg>
            </span>
          </span>
          <span>
            <span
              class="MuiRating-icon MuiRating-iconFilled css-7qmtgc-MuiRating-icon"
            >
              <svg
                aria-hidden="true"
                class="MuiSvgIcon-root MuiSvgIcon-fontSizeInherit css-1vooibu-MuiSvgIcon-root"
                data-testid="StarIcon"
                focusable="false"
                viewBox="0 0 24 24"
              >
                <path
                  d="M12 17.27L18.18 21l-1.64-7.03L22 9.24l-7.19-.61L12 2 9.19 8.63 2 9.24l5.46 4.73L5.82 21z"
                />
              </svg>
            </span>
          </span>
        </span>
      </span>
    </label>
    <label
      class="MuiFormControlLabel-root MuiFormControlLabel-labelPlacementEnd css-8r65cl-MuiFormControlLabel-root"
    >
      <span
        class="MuiCheckbox-root MuiCheckbox-colorSecondary MuiButtonBase-root MuiCheckbox-root MuiCheckbox-colorSecondary PrivateSwitchBase-root css-usqc7v-MuiButtonBase-root-MuiCheckbox-root"
      >
        <input
          class="PrivateSwitchBase-input css-1m9pwf3"
          data-indeterminate="false"
          type="checkbox"
        />
        <svg
          aria-hidden="true"
          class="MuiSvgIcon-root MuiSvgIcon-fontSizeSmall css-ptiqhd-MuiSvgIcon-root"
          data-testid="CheckBoxOutlineBlankIcon"
          focusable="false"
          viewBox="0 0 24 24"
        >
          <path
            d="M19 5v14H5V5h14m0-2H5c-1.1 0-2 .9-2 2v14c0 1.1.9 2 2 2h14c1.1 0 2-.9 2-2V5c0-1.1-.9-2-2-2z"
          />
        </svg>
        <span
          class="MuiTouchRipple-root css-8je8zh-MuiTouchRipple-root"
        />
      </span>
      <span
        class="MuiTypography-root MuiTypography-body1 MuiFormControlLabel-label css-ahj2mt-MuiTypography-root"
      >
        <span
          aria-label="4 Stars"
          class="MuiRating-root MuiRating-sizeSmall MuiRating-readyOnly css-1lauo1g-MuiRating-root"
          role="img"
        >
          <span>
            <span
              class="MuiRating-icon MuiRating-iconFilled css-7qmtgc-MuiRating-icon"
            >
              <svg
                aria-hidden="true"
                class="MuiSvgIcon-root MuiSvgIcon-fontSizeInherit css-1vooibu-MuiSvgIcon-root"
                data-testid="StarIcon"
                focusable="false"
                viewBox="0 0 24 24"
              >
                <path
                  d="M12 17.27L18.18 21l-1.64-7.03L22 9.24l-7.19-.61L12 2 9.19 8.63 2 9.24l5.46 4.73L5.82 21z"
                />
              </svg>
            </span>
          </span>
          <span>
            <span
              class="MuiRating-icon MuiRating-iconFilled css-7qmtgc-MuiRating-icon"
            >
              <svg
                aria-hidden="true"
                class="MuiSvgIcon-root MuiSvgIcon-fontSizeInherit css-1vooibu-MuiSvgIcon-root"
                data-testid="StarIcon"
                focusable="false"
                viewBox="0 0 24 24"
              >
                <path
                  d="M12 17.27L18.18 21l-1.64-7.03L22 9.24l-7.19-.61L12 2 9.19 8.63 2 9.24l5.46 4.73L5.82 21z"
                />
              </svg>
            </span>
          </span>
          <span>
            <span
              class="MuiRating-icon MuiRating-iconFilled css-7qmtgc-MuiRating-icon"
            >
              <svg
                aria-hidden="true"
                class="MuiSvgIcon-root MuiSvgIcon-fontSizeInherit css-1vooibu-MuiSvgIcon-root"
                data-testid="StarIcon"
                focusable="false"
                viewBox="0 0 24 24"
              >
                <path
                  d="M12 17.27L18.18 21l-1.64-7.03L22 9.24l-7.19-.61L12 2 9.19 8.63 2 9.24l5.46 4.73L5.82 21z"
                />
              </svg>
            </span>
          </span>
          <span>
            <span
              class="MuiRating-icon MuiRating-iconFilled css-7qmtgc-MuiRating-icon"
            >
              <svg
                aria-hidden="true"
                class="MuiSvgIcon-root MuiSvgIcon-fontSizeInherit css-1vooibu-MuiSvgIcon-root"
                data-testid="StarIcon"
                focusable="false"
                viewBox="0 0 24 24"
              >
                <path
                  d="M12 17.27L18.18 21l-1.64-7.03L22 9.24l-7.19-.61L12 2 9.19 8.63 2 9.24l5.46 4.73L5.82 21z"
                />
              </svg>
            </span>
          </span>
          <span>
            <span
              class="MuiRating-icon MuiRating-iconEmpty css-1c99szj-MuiRating-icon"
            >
              <svg
                aria-hidden="true"
                class="MuiSvgIcon-root MuiSvgIcon-fontSizeInherit css-1vooibu-MuiSvgIcon-root"
                data-testid="StarBorderIcon"
                focusable="false"
                viewBox="0 0 24 24"
              >
                <path
                  d="M22 9.24l-7.19-.62L12 2 9.19 8.63 2 9.24l5.46 4.73L5.82 21 12 17.27 18.18 21l-1.63-7.03L22 9.24zM12 15.4l-3.76 2.27 1-4.28-3.32-2.88 4.38-.38L12 6.1l1.71 4.04 4.38.38-3.32 2.88 1 4.28L12 15.4z"
                />
              </svg>
            </span>
          </span>
        </span>
      </span>
    </label>
    <label
      class="MuiFormControlLabel-root MuiFormControlLabel-labelPlacementEnd css-8r65cl-MuiFormControlLabel-root"
    >
      <span
        class="MuiCheckbox-root MuiCheckbox-colorSecondary MuiButtonBase-root MuiCheckbox-root MuiCheckbox-colorSecondary PrivateSwitchBase-root css-usqc7v-MuiButtonBase-root-MuiCheckbox-root"
      >
        <input
          class="PrivateSwitchBase-input css-1m9pwf3"
          data-indeterminate="false"
          type="checkbox"
        />
        <svg
          aria-hidden="true"
          class="MuiSvgIcon-root MuiSvgIcon-fontSizeSmall css-ptiqhd-MuiSvgIcon-root"
          data-testid="CheckBoxOutlineBlankIcon"
          focusable="false"
          viewBox="0 0 24 24"
        >
          <path
            d="M19 5v14H5V5h14m0-2H5c-1.1 0-2 .9-2 2v14c0 1.1.9 2 2 2h14c1.1 0 2-.9 2-2V5c0-1.1-.9-2-2-2z"
          />
        </svg>
        <span
          class="MuiTouchRipple-root css-8je8zh-MuiTouchRipple-root"
        />
      </span>
      <span
        class="MuiTypography-root MuiTypography-body1 MuiFormControlLabel-label css-ahj2mt-MuiTypography-root"
      >
        <span
          aria-label="3 Stars"
          class="MuiRating-root MuiRating-sizeSmall MuiRating-readyOnly css-1lauo1g-MuiRating-root"
          role="img"
        >
          <span>
            <span
              class="MuiRating-icon MuiRating-iconFilled css-7qmtgc-MuiRating-icon"
            >
              <svg
                aria-hidden="true"
                class="MuiSvgIcon-root MuiSvgIcon-fontSizeInherit css-1vooibu-MuiSvgIcon-root"
                data-testid="StarIcon"
                focusable="false"
                viewBox="0 0 24 24"
              >
                <path
                  d="M12 17.27L18.18 21l-1.64-7.03L22 9.24l-7.19-.61L12 2 9.19 8.63 2 9.24l5.46 4.73L5.82 21z"
                />
              </svg>
            </span>
          </span>
          <span>
            <span
              class="MuiRating-icon MuiRating-iconFilled css-7qmtgc-MuiRating-icon"
            >
              <svg
                aria-hidden="true"
                class="MuiSvgIcon-root MuiSvgIcon-fontSizeInherit css-1vooibu-MuiSvgIcon-root"
                data-testid="StarIcon"
                focusable="false"
                viewBox="0 0 24 24"
              >
                <path
                  d="M12 17.27L18.18 21l-1.64-7.03L22 9.24l-7.19-.61L12 2 9.19 8.63 2 9.24l5.46 4.73L5.82 21z"
                />
              </svg>
            </span>
          </span>
          <span>
            <span
              class="MuiRating-icon MuiRating-iconFilled css-7qmtgc-MuiRating-icon"
            >
              <svg
                aria-hidden="true"
                class="MuiSvgIcon-root MuiSvgIcon-fontSizeInherit css-1vooibu-MuiSvgIcon-root"
                data-testid="StarIcon"
                focusable="false"
                viewBox="0 0 24 24"
              >
                <path
                  d="M12 17.27L18.18 21l-1.64-7.03L22 9.24l-7.19-.61L12 2 9.19 8.63 2 9.24l5.46 4.73L5.82 21z"
                />
              </svg>
            </span>
          </span>
          <span>
            <span
              class="MuiRating-icon MuiRating-iconEmpty css-1c99szj-MuiRating-icon"
            >
              <svg
                aria-hidden="true"
                class="MuiSvgIcon-root MuiSvgIcon-fontSizeInherit css-1vooibu-MuiSvgIcon-root"
                data-testid="StarBorderIcon"
                focusable="false"
                viewBox="0 0 24 24"
              >
                <path
                  d="M22 9.24l-7.19-.62L12 2 9.19 8.63 2 9.24l5.46 4.73L5.82 21 12 17.27 18.18 21l-1.63-7.03L22 9.24zM12 15.4l-3.76 2.27 1-4.28-3.32-2.88 4.38-.38L12 6.1l1.71 4.04 4.38.38-3.32 2.88 1 4.28L12 15.4z"
                />
              </svg>
            </span>
          </span>
          <span>
            <span
              class="MuiRating-icon MuiRating-iconEmpty css-1c99szj-MuiRating-icon"
            >
              <svg
                aria-hidden="true"
                class="MuiSvgIcon-root MuiSvgIcon-fontSizeInherit css-1vooibu-MuiSvgIcon-root"
                data-testid="StarBorderIcon"
                focusable="false"
                viewBox="0 0 24 24"
              >
                <path
                  d="M22 9.24l-7.19-.62L12 2 9.19 8.63 2 9.24l5.46 4.73L5.82 21 12 17.27 18.18 21l-1.63-7.03L22 9.24zM12 15.4l-3.76 2.27 1-4.28-3.32-2.88 4.38-.38L12 6.1l1.71 4.04 4.38.38-3.32 2.88 1 4.28L12 15.4z"
                />
              </svg>
            </span>
          </span>
        </span>
      </span>
    </label>
    <label
      class="MuiFormControlLabel-root MuiFormControlLabel-labelPlacementEnd css-8r65cl-MuiFormControlLabel-root"
    >
      <span
        class="MuiCheckbox-root MuiCheckbox-colorSecondary MuiButtonBase-root MuiCheckbox-root MuiCheckbox-colorSecondary PrivateSwitchBase-root css-usqc7v-MuiButtonBase-root-MuiCheckbox-root"
      >
        <input
          class="PrivateSwitchBase-input css-1m9pwf3"
          data-indeterminate="false"
          type="checkbox"
        />
        <svg
          aria-hidden="true"
          class="MuiSvgIcon-root MuiSvgIcon-fontSizeSmall css-ptiqhd-MuiSvgIcon-root"
          data-testid="CheckBoxOutlineBlankIcon"
          focusable="false"
          viewBox="0 0 24 24"
        >
          <path
            d="M19 5v14H5V5h14m0-2H5c-1.1 0-2 .9-2 2v14c0 1.1.9 2 2 2h14c1.1 0 2-.9 2-2V5c0-1.1-.9-2-2-2z"
          />
        </svg>
        <span
          class="MuiTouchRipple-root css-8je8zh-MuiTouchRipple-root"
        />
      </span>
      <span
        class="MuiTypography-root MuiTypography-body1 MuiFormControlLabel-label css-ahj2mt-MuiTypography-root"
      >
        <span
          aria-label="2 Stars"
          class="MuiRating-root MuiRating-sizeSmall MuiRating-readyOnly css-1lauo1g-MuiRating-root"
          role="img"
        >
          <span>
            <span
              class="MuiRating-icon MuiRating-iconFilled css-7qmtgc-MuiRating-icon"
            >
              <svg
                aria-hidden="true"
                class="MuiSvgIcon-root MuiSvgIcon-fontSizeInherit css-1vooibu-MuiSvgIcon-root"
                data-testid="StarIcon"
                focusable="false"
                viewBox="0 0 24 24"
              >
                <path
                  d="M12 17.27L18.18 21l-1.64-7.03L22 9.24l-7.19-.61L12 2 9.19 8.63 2 9.24l5.46 4.73L5.82 21z"
                />
              </svg>
            </span>
          </span>
          <span>
            <span
              class="MuiRating-icon MuiRating-iconFilled css-7qmtgc-MuiRating-icon"
            >
              <svg
                aria-hidden="true"
                class="MuiSvgIcon-root MuiSvgIcon-fontSizeInherit css-1vooibu-MuiSvgIcon-root"
                data-testid="StarIcon"
                focusable="false"
                viewBox="0 0 24 24"
              >
                <path
                  d="M12 17.27L18.18 21l-1.64-7.03L22 9.24l-7.19-.61L12 2 9.19 8.63 2 9.24l5.46 4.73L5.82 21z"
                />
              </svg>
            </span>
          </span>
          <span>
            <span
              class="MuiRating-icon MuiRating-iconEmpty css-1c99szj-MuiRating-icon"
            >
              <svg
                aria-hidden="true"
                class="MuiSvgIcon-root MuiSvgIcon-fontSizeInherit css-1vooibu-MuiSvgIcon-root"
                data-testid="StarBorderIcon"
                focusable="false"
                viewBox="0 0 24 24"
              >
                <path
                  d="M22 9.24l-7.19-.62L12 2 9.19 8.63 2 9.24l5.46 4.73L5.82 21 12 17.27 18.18 21l-1.63-7.03L22 9.24zM12 15.4l-3.76 2.27 1-4.28-3.32-2.88 4.38-.38L12 6.1l1.71 4.04 4.38.38-3.32 2.88 1 4.28L12 15.4z"
                />
              </svg>
            </span>
          </span>
          <span>
            <span
              class="MuiRating-icon MuiRating-iconEmpty css-1c99szj-MuiRating-icon"
            >
              <svg
                aria-hidden="true"
                class="MuiSvgIcon-root MuiSvgIcon-fontSizeInherit css-1vooibu-MuiSvgIcon-root"
                data-testid="StarBorderIcon"
                focusable="false"
                viewBox="0 0 24 24"
              >
                <path
                  d="M22 9.24l-7.19-.62L12 2 9.19 8.63 2 9.24l5.46 4.73L5.82 21 12 17.27 18.18 21l-1.63-7.03L22 9.24zM12 15.4l-3.76 2.27 1-4.28-3.32-2.88 4.38-.38L12 6.1l1.71 4.04 4.38.38-3.32 2.88 1 4.28L12 15.4z"
                />
              </svg>
            </span>
          </span>
          <span>
            <span
              class="MuiRating-icon MuiRating-iconEmpty css-1c99szj-MuiRating-icon"
            >
              <svg
                aria-hidden="true"
                class="MuiSvgIcon-root MuiSvgIcon-fontSizeInherit css-1vooibu-MuiSvgIcon-root"
                data-testid="StarBorderIcon"
                focusable="false"
                viewBox="0 0 24 24"
              >
                <path
                  d="M22 9.24l-7.19-.62L12 2 9.19 8.63 2 9.24l5.46 4.73L5.82 21 12 17.27 18.18 21l-1.63-7.03L22 9.24zM12 15.4l-3.76 2.27 1-4.28-3.32-2.88 4.38-.38L12 6.1l1.71 4.04 4.38.38-3.32 2.88 1 4.28L12 15.4z"
                />
              </svg>
            </span>
          </span>
        </span>
      </span>
    </label>
    <label
      class="MuiFormControlLabel-root MuiFormControlLabel-labelPlacementEnd css-8r65cl-MuiFormControlLabel-root"
    >
      <span
        class="MuiCheckbox-root MuiCheckbox-colorSecondary MuiButtonBase-root MuiCheckbox-root MuiCheckbox-colorSecondary PrivateSwitchBase-root css-usqc7v-MuiButtonBase-root-MuiCheckbox-root"
      >
        <input
          class="PrivateSwitchBase-input css-1m9pwf3"
          data-indeterminate="false"
          type="checkbox"
        />
        <svg
          aria-hidden="true"
          class="MuiSvgIcon-root MuiSvgIcon-fontSizeSmall css-ptiqhd-MuiSvgIcon-root"
          data-testid="CheckBoxOutlineBlankIcon"
          focusable="false"
          viewBox="0 0 24 24"
        >
          <path
            d="M19 5v14H5V5h14m0-2H5c-1.1 0-2 .9-2 2v14c0 1.1.9 2 2 2h14c1.1 0 2-.9 2-2V5c0-1.1-.9-2-2-2z"
          />
        </svg>
        <span
          class="MuiTouchRipple-root css-8je8zh-MuiTouchRipple-root"
        />
      </span>
      <span
        class="MuiTypography-root MuiTypography-body1 MuiFormControlLabel-label css-ahj2mt-MuiTypography-root"
      >
        <span
          aria-label="1 Star"
          class="MuiRating-root MuiRating-sizeSmall MuiRating-readyOnly css-1lauo1g-MuiRating-root"
          role="img"
        >
          <span>
            <span
              class="MuiRating-icon MuiRating-iconFilled css-7qmtgc-MuiRating-icon"
            >
              <svg
                aria-hidden="true"
                class="MuiSvgIcon-root MuiSvgIcon-fontSizeInherit css-1vooibu-MuiSvgIcon-root"
                data-testid="StarIcon"
                focusable="false"
                viewBox="0 0 24 24"
              >
                <path
                  d="M12 17.27L18.18 21l-1.64-7.03L22 9.24l-7.19-.61L12 2 9.19 8.63 2 9.24l5.46 4.73L5.82 21z"
                />
              </svg>
            </span>
          </span>
          <span>
            <span
              class="MuiRating-icon MuiRating-iconEmpty css-1c99szj-MuiRating-icon"
            >
              <svg
                aria-hidden="true"
                class="MuiSvgIcon-root MuiSvgIcon-fontSizeInherit css-1vooibu-MuiSvgIcon-root"
                data-testid="StarBorderIcon"
                focusable="false"
                viewBox="0 0 24 24"
              >
                <path
                  d="M22 9.24l-7.19-.62L12 2 9.19 8.63 2 9.24l5.46 4.73L5.82 21 12 17.27 18.18 21l-1.63-7.03L22 9.24zM12 15.4l-3.76 2.27 1-4.28-3.32-2.88 4.38-.38L12 6.1l1.71 4.04 4.38.38-3.32 2.88 1 4.28L12 15.4z"
                />
              </svg>
            </span>
          </span>
          <span>
            <span
              class="MuiRating-icon MuiRating-iconEmpty css-1c99szj-MuiRating-icon"
            >
              <svg
                aria-hidden="true"
                class="MuiSvgIcon-root MuiSvgIcon-fontSizeInherit css-1vooibu-MuiSvgIcon-root"
                data-testid="StarBorderIcon"
                focusable="false"
                viewBox="0 0 24 24"
              >
                <path
                  d="M22 9.24l-7.19-.62L12 2 9.19 8.63 2 9.24l5.46 4.73L5.82 21 12 17.27 18.18 21l-1.63-7.03L22 9.24zM12 15.4l-3.76 2.27 1-4.28-3.32-2.88 4.38-.38L12 6.1l1.71 4.04 4.38.38-3.32 2.88 1 4.28L12 15.4z"
                />
              </svg>
            </span>
          </span>
          <span>
            <span
              class="MuiRating-icon MuiRating-iconEmpty css-1c99szj-MuiRating-icon"
            >
              <svg
                aria-hidden="true"
                class="MuiSvgIcon-root MuiSvgIcon-fontSizeInherit css-1vooibu-MuiSvgIcon-root"
                data-testid="StarBorderIcon"
                focusable="false"
                viewBox="0 0 24 24"
              >
                <path
                  d="M22 9.24l-7.19-.62L12 2 9.19 8.63 2 9.24l5.46 4.73L5.82 21 12 17.27 18.18 21l-1.63-7.03L22 9.24zM12 15.4l-3.76 2.27 1-4.28-3.32-2.88 4.38-.38L12 6.1l1.71 4.04 4.38.38-3.32 2.88 1 4.28L12 15.4z"
                />
              </svg>
            </span>
          </span>
          <span>
            <span
              class="MuiRating-icon MuiRating-iconEmpty css-1c99szj-MuiRating-icon"
            >
              <svg
                aria-hidden="true"
                class="MuiSvgIcon-root MuiSvgIcon-fontSizeInherit css-1vooibu-MuiSvgIcon-root"
                data-testid="StarBorderIcon"
                focusable="false"
                viewBox="0 0 24 24"
              >
                <path
                  d="M22 9.24l-7.19-.62L12 2 9.19 8.63 2 9.24l5.46 4.73L5.82 21 12 17.27 18.18 21l-1.63-7.03L22 9.24zM12 15.4l-3.76 2.27 1-4.28-3.32-2.88 4.38-.38L12 6.1l1.71 4.04 4.38.38-3.32 2.88 1 4.28L12 15.4z"
                />
              </svg>
            </span>
          </span>
        </span>
      </span>
    </label>
  </div>
</DocumentFragment>
`;
